// Vitest Snapshot v1, https://vitest.dev/guide/snapshot.html

exports[`IdentifierGov component > renders consistently in Spanish 1`] = `
<section
  class="usa-identifier__section usa-identifier__section--usagov"
  data-testid="identifierGov"
>
  <div
    class="usa-identifier__container"
  >
    <div
      class="usa-identifier__usagov-description"
    >
      ¿Necesita información y servicios del Gobierno?
    </div>
     
    <a
      class="usa-link"
      href="https://www.usa.gov/espanol/"
    >
      Visite USAGov en Español
    </a>
  </div>
</section>
`;
